// Vitest Snapshot v1, https://vitest.dev/guide/snapshot.html

exports[`Derive bits and erase a key via null bytes overriding 1`] = `
Uint8Array [
  218,
  146,
  196,
  173,
  242,
  215,
  202,
  171,
  98,
  22,
  46,
  17,
  166,
  143,
  31,
  109,
  171,
  26,
  80,
  48,
  64,
  38,
  66,
  29,
  35,
  60,
  50,
  182,
  111,
  236,
  193,
  208,
]
`;
